=== core_annotations.liq ===
# Sources, clocks and encoders come from the core: their types are computed
# here, and a bare source annotation carries no methods, as in liquidsoap.
def f((s : source_methods)) =
  s.skip()
end
c = (sine().clock : clock)
o = output.file(%mp3, "/tmp/out.mp3", sine())
ignore((f, c, o))

#? type 4:2
#? type 6:0
--- diagnostics ---
--- type 4:2 ---
source('A)
.{
  buffered : () -> [string * float],
  callbacks_count : () -> [string * int],
  clear_last_metadata : () -> unit,
  clock : clock,
  duration : () -> float,
  elapsed : () -> float,
  fallible : bool,
  generate_frame : () -> unit,
  id : () -> string,
  insert_metadata : (?override : bool, ?new_track : bool, [string * string]) ->
                    unit,
  is_active : () -> bool,
  is_ready : () -> bool,
  is_up : () -> bool,
  last_metadata : () -> [string * string]?,
  log :
  {level : (() -> int).{exchange : (int) -> int, set : (int) -> unit}
  },
  on_collect : (synchronous : bool, (() -> unit)) -> {release : () -> unit},
  on_frame : (?before : bool, synchronous : bool, (() -> unit)) ->
             {release : () -> unit},
  on_frame_checksum : (?before : ((string?) -> unit)?, synchronous : bool,
                       ((cache : string?, string) -> unit)) ->
                      {release : () -> unit},
  on_leave : ({source : source('A), track_sensitive : bool}) -> unit,
  on_metadata : (synchronous : bool, (([string * string]) -> unit)) ->
                {release : () -> unit},
  on_position : (position : {float}, ?remaining : bool,
                 ?allow_partial : bool, synchronous : bool,
                 ((float, [string * string]) -> unit)) ->
                {release : () -> unit},
  on_select : (
               {
                 ending : source('A)?,
                 replay_metadata : bool,
                 starting : source('A)
               }) -> source('A),
  on_shutdown : (synchronous : bool, (() -> unit)) -> {release : () -> unit},
  on_track : (synchronous : bool, (([string * string]) -> unit)) ->
             {release : () -> unit},
  on_wake_up : (synchronous : bool, (() -> unit)) -> {release : () -> unit},
  register_command : (?usage : string?, description : string, string,
                      ((string) -> string)) -> unit,
  remaining : () -> float,
  replay_metadata : {bool},
  reset_last_metadata_on_track : (() -> bool)
  .{exchange : (bool) -> bool, set : (bool) -> unit
  },
  seek : (float) -> float,
  self_sync : () -> bool,
  self_sync_description : () -> string,
  single : bool,
  skip : () -> unit,
  time : () -> float,
  track_sensitive : {bool}
}
--- type 6:0 ---
clock
