=== definition.liq ===
x = 1
def f(a, ~b=x) =
  x = a + b
  x
end
def rec count(n) =
  if n == 0 then 0 else count(n - 1) end
end
let (p, q) = (f(1), count(2))
s = sine()
s.label = "radio"
print((x, p, q, s))

#? definition 3:6
#? definition 3:10
#? definition 2:12
#? definition 4:2
#? definition 7:24
#? definition 7:30
#? definition 12:7
#? definition 12:10
#? definition 12:16
#? definition 10:4
#? definition 1:0
--- diagnostics ---
--- definition 3:6 ---
at cases_analysis/definition.liq, line 2, char 6
--- definition 3:10 ---
at cases_analysis/definition.liq, line 2, char 10
--- definition 2:12 ---
at cases_analysis/definition.liq, line 1, char 0-5
--- definition 4:2 ---
at cases_analysis/definition.liq, line 3, char 2-11
--- definition 7:24 ---
at cases_analysis/definition.liq, line 6 char 0 - line 8 char 3
--- definition 7:30 ---
at cases_analysis/definition.liq, line 6, char 14
--- definition 12:7 ---
at cases_analysis/definition.liq, line 1, char 0-5
--- definition 12:10 ---
at cases_analysis/definition.liq, line 9, char 0-29
--- definition 12:16 ---
at cases_analysis/definition.liq, line 10, char 0-10
--- definition 10:4 ---
(none)
--- definition 1:0 ---
(none)
