=== encoder.liq ===
# Encoders are implemented by the core, which the analysis does not link.
bitrate = 128
o = output.file(%mp3(bitrate=bitrate), "/tmp/out.mp3", sine())
ignore(o)

#? type 2:0
#? type 3:0
--- diagnostics ---
--- type 2:0 ---
int
--- type 3:0 ---
{
  buffered : () -> [string * float],
  callbacks_count : () -> [string * int],
  clear_last_metadata : () -> unit,
  clock : clock,
  duration : () -> float,
  elapsed : () -> float,
  fallible : bool,
  generate_frame : () -> unit,
  id : () -> string,
  insert_metadata : (?override : bool, ?new_track : bool, [string * string]) ->
                    unit,
  is_active : () -> bool,
  is_ready : () -> bool,
  is_started : () -> bool,
  is_up : () -> bool,
  last_metadata : () -> [string * string]?,
  log :
  {level : (() -> int).{exchange : (int) -> int, set : (int) -> unit}
  },
  on_collect : (synchronous : bool, (() -> unit)) -> {release : () -> unit},
  on_frame : (?before : bool, synchronous : bool, (() -> unit)) ->
             {release : () -> unit},
  on_frame_checksum : (?before : ((string?) -> unit)?, synchronous : bool,
                       ((cache : string?, string) -> unit)) ->
                      {release : () -> unit},
  on_metadata : (synchronous : bool, (([string * string]) -> unit)) ->
                {release : () -> unit},
  on_output : (?before : bool, synchronous : bool, (() -> unit)) ->
              {release : () -> unit},
  on_position : (position : {float}, ?remaining : bool,
                 ?allow_partial : bool, synchronous : bool,
                 ((float, [string * string]) -> unit)) ->
                {release : () -> unit},
  on_reopen : (synchronous : bool, (() -> unit)) -> {release : () -> unit},
  on_shutdown : (synchronous : bool, (() -> unit)) -> {release : () -> unit},
  on_start : (synchronous : bool, (() -> unit)) -> {release : () -> unit},
  on_stop : (synchronous : bool, (() -> unit)) -> {release : () -> unit},
  on_track : (synchronous : bool, (([string * string]) -> unit)) ->
             {release : () -> unit},
  on_wake_up : (synchronous : bool, (() -> unit)) -> {release : () -> unit},
  register_command : (?usage : string?, description : string, string,
                      ((string) -> string)) -> unit,
  remaining : () -> float,
  reopen : () -> unit,
  reset_last_metadata_on_track : (() -> bool)
  .{exchange : (bool) -> bool, set : (bool) -> unit
  },
  seek : (float) -> float,
  self_sync : () -> bool,
  self_sync_description : () -> string,
  shutdown : () -> unit,
  skip : () -> unit,
  start : () -> unit,
  stop : () -> unit,
  time : () -> float
}
