=== ffmpeg_track.liq ===
# FFmpeg's content types are named here even where libav is not linked.
f = ffmpeg.encode.audio

#? type 2:0
--- diagnostics ---
--- type 2:0 ---
(?id : string?, format(audio=pcm('C), 'B), source(audio=pcm('C), 'D)) ->
source(audio=ffmpeg.copy('A))
.{
  buffered : () -> [string * float],
  callbacks_count : () -> [string * int],
  clear_last_metadata : () -> unit,
  clock : clock,
  composition_type : (() -> string)
  .{exchange : (string) -> string, set : (string) -> unit
  },
  duration : () -> float,
  elapsed : () -> float,
  fallible : bool,
  generate_frame : () -> unit,
  id : () -> string,
  insert_metadata : (?override : bool, ?new_track : bool, [string * string]) ->
                    unit,
  is_active : () -> bool,
  is_ready : () -> bool,
  is_up : () -> bool,
  last_metadata : () -> [string * string]?,
  log :
  {level : (() -> int).{exchange : (int) -> int, set : (int) -> unit}
  },
  on_collect : (synchronous : bool, (() -> unit)) -> {release : () -> unit},
  on_frame : (?before : bool, synchronous : bool, (() -> unit)) ->
             {release : () -> unit},
  on_frame_checksum : (?before : ((string?) -> unit)?, synchronous : bool,
                       ((cache : string?, string) -> unit)) ->
                      {release : () -> unit},
  on_leave : ({source : source(audio=ffmpeg.copy('A)), track_sensitive : bool
              }) -> unit,
  on_metadata : (synchronous : bool, (([string * string]) -> unit)) ->
                {release : () -> unit},
  on_position : (position : {float}, ?remaining : bool,
                 ?allow_partial : bool, synchronous : bool,
                 ((float, [string * string]) -> unit)) ->
                {release : () -> unit},
  on_select : (
               {
                 ending : source(audio=ffmpeg.copy('A))?,
                 replay_metadata : bool,
                 starting : source(audio=ffmpeg.copy('A))
               }) -> source(audio=ffmpeg.copy('A)),
  on_shutdown : (synchronous : bool, (() -> unit)) -> {release : () -> unit},
  on_track : (synchronous : bool, (([string * string]) -> unit)) ->
             {release : () -> unit},
  on_wake_up : (synchronous : bool, (() -> unit)) -> {release : () -> unit},
  register_command : (?usage : string?, description : string, string,
                      ((string) -> string)) -> unit,
  remaining : () -> float,
  replay_metadata : {bool},
  reset_last_metadata_on_track : (() -> bool)
  .{exchange : (bool) -> bool, set : (bool) -> unit
  },
  seek : (float) -> float,
  self_sync : () -> bool,
  self_sync_description : () -> string,
  single : bool,
  skip : () -> unit,
  time : () -> float,
  track_sensitive : {bool}}
