=== include.liq ===
%include "cases/included.liq-inc"

x = "main"
ignore(x ^ "!")

#? type 4:4
#? type 4:24
#? scope 4:4
--- diagnostics ---
Warning 4 at cases/included.liq-inc, line 4, char 0-25:
Unused variable also_from_include
Warning 4 at cases/included.liq-inc, line 3, char 0-16:
Unused variable from_include
--- type 4:4 ---
(string) -> unit
--- type 4:24 ---
'A?
--- scope 4:4 ---
also_from_include, from_include, x
