=== locals.liq ===
def f(sine) =
  sine + 1
end

string = {length = fun (_) -> 0}
n = string.length("a")

x = sine()

def sine() =
  1
end

ignore(x)
ignore(n)

#? locals 2:2
#? locals 6:4
#? locals 8:4
--- diagnostics ---
Warning 6 at cases_analysis/locals.liq, line 1, char 6-10:
Top-level variable sine is overridden!
Warning 6 at cases_analysis/locals.liq, line 5, char 0-32:
Top-level variable string is overridden!
Warning 6 at cases_analysis/locals.liq, line 10 char 0 - line 12 char 3:
Top-level variable sine is overridden!
--- locals 2:2 ---
sine
--- locals 6:4 ---
f, string
--- locals 8:4 ---
f, n, string
