=== assoc.liq ===
l = [("a", "1"), ("b", "2")]
l["a"]
--- parsed ---
{
  "type": "block",
  "value": [
    {
    "type": "binding",
    "decoration": null,
    "pat": { "type": "pvar", "value": [ "l" ] },
    "arglist": null,
    "cast": null,
    "definition": {
      "type": "list",
      "value": [
        {
        "type": "term",
        "value": {
          "type": "tuple",
          "value": [
            {
            "type": "string",
            "value": "\"a\""
          },
            {
            "type": "string",
            "value": "\"1\""
          }
          ]
        }
      },
        {
        "type": "term",
        "value": {
          "type": "tuple",
          "value": [
            {
            "type": "string",
            "value": "\"b\""
          },
            {
            "type": "string",
            "value": "\"2\""
          }
          ]
        }
      }
      ]
    }
  },
    {
    "type": "assoc",
    "left": { "type": "var", "value": "l" },
    "right": { "type": "string", "value": "\"a\"" }
  }
  ]
}
--- hash ---
41f472e859836825227a48e7db0b099d
--- term ---
l = [("a", "1"), ("b", "2")]
_[_](l, "a")
--- type ---
string
--- value ---
"1"
