=== binding_let_in_shorthand.liq ===
# The form `{ … }` does accept: `let`, unlike a bare binding.
f = { let x = 1; x + 1 }
f()
--- parsed ---
{
  "type": "block",
  "value": [
    {
    "type": "binding",
    "decoration": null,
    "pat": { "type": "pvar", "value": [ "f" ] },
    "arglist": null,
    "cast": null,
    "definition": {
      "type": "simple_fun",
      "value": [
        {
        "type": "let",
        "decoration": null,
        "pat": { "type": "pvar", "value": [ "x" ] },
        "arglist": null,
        "cast": null,
        "definition": { "type": "ground", "value": "1" }
      },
        {
        "type": "infix",
        "left": { "type": "var", "value": "x" },
        "op": "+",
        "right": { "type": "ground", "value": "1" }
      }
      ]
    }
  },
    {
    "type": "app",
    "op": { "type": "var", "value": "f" },
    "args": []
  }
  ]
}
--- hash ---
125c829ab0a6c9a6c819b35dce2d7676
--- term ---
f = fun () -> x = 1
+(x, 1)
f()
--- doc ---
f: The form `{ … }` does accept: `let`, unlike a bare binding.
--- type ---
int
--- value ---
2
