=== bool_ops.liq ===
true and false or not true
--- parsed ---
{
  "type": "block",
  "value": [
    {
    "type": "bool",
    "op": "and",
    "value": [
      {
      "type": "ground",
      "value": "true"
    },
      {
      "type": "bool",
      "op": "or",
      "value": [
        {
        "type": "ground",
        "value": "false"
      },
        {
        "type": "not",
        "value": { "type": "ground", "value": "true" }
      }
      ]
    }
    ]
  }
  ]
}
--- hash ---
119b8113c392cbd3cda80ec442acc78d
--- term ---
and({true}, fun () -> or({false}, fun () -> not(true)))
--- type ---
bool
--- value ---
false
