=== coalesce.liq ===
x = null
x ?? 3
--- parsed ---
{
  "type": "block",
  "value": [
    {
    "type": "binding",
    "decoration": null,
    "pat": { "type": "pvar", "value": [ "x" ] },
    "arglist": null,
    "cast": null,
    "definition": { "type": "null" }
  },
    {
    "type": "coalesce",
    "left": { "type": "var", "value": "x" },
    "right": { "type": "ground", "value": "3" }
  }
  ]
}
--- hash ---
000977c6d3776c748a31878f6d4b9d9c
--- term ---
x = null
_null.default(x, {3})
--- type ---
int
--- value ---
3
