=== doc_comments.liq ===
# A doc comment attaches to the statement that follows it, and ends up on the
# binding as `Doc.Value.t`. This is what `--list-functions-md` reports.

# Adds one to its argument.
# @category Programming
def documented(x) =
  x + 1
end

# Also documented, as a plain binding.
plain = 1

undocumented = 2

(documented(plain), undocumented)
--- parsed ---
{
  "type": "block",
  "value": [
    {
    "type": "def",
    "decoration": null,
    "pat": { "type": "pvar", "value": [ "documented" ] },
    "arglist": [
      {
      "type": "term",
      "value": {
        "type": "fun_arg",
        "label": "",
        "as_variable": { "type": "pvar", "value": [ "x" ] },
        "typ": null,
        "default": null
      }
    }
    ],
    "cast": null,
    "body": [
      {
      "type": "infix",
      "left": { "type": "var", "value": "x" },
      "op": "+",
      "right": { "type": "ground", "value": "1" }
    }
    ]
  },
    {
    "type": "binding",
    "decoration": null,
    "pat": { "type": "pvar", "value": [ "plain" ] },
    "arglist": null,
    "cast": null,
    "definition": { "type": "ground", "value": "1" }
  },
    {
    "type": "binding",
    "decoration": null,
    "pat": { "type": "pvar", "value": [ "undocumented" ] },
    "arglist": null,
    "cast": null,
    "definition": { "type": "ground", "value": "2" }
  },
    {
    "type": "tuple",
    "value": [
      {
      "type": "app",
      "op": { "type": "var", "value": "documented" },
      "args": [
        {
        "type": "term",
        "value": {
          "type": "app_arg",
          "label": "",
          "value": { "type": "var", "value": "plain" }
        }
      }
      ]
    },
      {
      "type": "var",
      "value": "undocumented"
    }
    ]
  }
  ]
}
--- hash ---
c5c31848ed6f91b9ed4be34691c5d6b7
--- term ---
documented = fun (x) -> +(x, 1)
plain = 1
undocumented = 2
(documented(plain), undocumented)
--- doc ---
documented: Adds one to its argument.
plain: Also documented, as a plain binding.
--- type ---
int * int
--- value ---
(2, 2)
