=== encoder.liq ===
%mp3(bitrate = 128, stereo)
--- parsed ---
{
  "type": "block",
  "value": [
    {
    "type": "encoder",
    "label": "mp3",
    "params": [
      {
      "type": "infix",
      "left": { "type": "var", "value": "bitrate" },
      "op": "=",
      "right": { "type": "ground", "value": "128" }
    },
      {
      "type": "var",
      "value": "stereo"
    }
    ]
  }
  ]
}
--- hash ---
9105682d6bfc7be26df924a1767a538b
--- term ---
%mp3(bitrate=128, stereo)
--- type ---
At cases/encoder.liq, line 2, char 0-0:

Error 9: Failure: Encoders are not implemented!
