=== for_loop.liq ===
for i = 1 to 3 do ignore(i)  end
--- parsed ---
{
  "type": "for",
  "variable": "i",
  "from": { "type": "ground", "value": "1" },
  "to": { "type": "ground", "value": "3" },
  "loop": {
    "type": "app",
    "op": { "type": "var", "value": "ignore" },
    "args": [
      {
      "type": "term",
      "value": {
        "type": "app_arg",
        "label": "",
        "value": { "type": "var", "value": "i" }
      }
    }
    ]
  }
}
--- hash ---
159d6d67edcb20f24da5bd6a42a2685c
--- term ---
for(iterator.int(1,3),fun (i) -> ignore(i))
--- type ---
unit
--- value ---
()
