=== fun_shorthand.liq ===
f = {1 + 1}
f()
--- parsed ---
{
  "type": "binding",
  "body": {
    "type": "app",
    "op": { "type": "var", "value": "f" },
    "args": []
  },
  "decoration": null,
  "pat": { "type": "pvar", "value": [ "f" ] },
  "arglist": null,
  "cast": null,
  "definition": {
    "type": "simple_fun",
    "value": {
      "type": "infix",
      "left": { "type": "ground", "value": "1" },
      "op": "+",
      "right": { "type": "ground", "value": "1" }
    }
  }
}
--- hash ---
521434f303ada8a80912cc38a9962948
--- term ---
f = fun () -> +(1, 1)
f()
--- type ---
int
--- value ---
2
