=== fun_shorthand.liq ===
f = {1 + 1}
f()
--- parsed ---
{
  "type": "block",
  "value": [
    {
    "type": "binding",
    "decoration": null,
    "pat": { "type": "pvar", "value": [ "f" ] },
    "arglist": null,
    "cast": null,
    "definition": {
      "type": "simple_fun",
      "value": [
        {
        "type": "infix",
        "left": { "type": "ground", "value": "1" },
        "op": "+",
        "right": { "type": "ground", "value": "1" }
      }
      ]
    }
  },
    {
    "type": "app",
    "op": { "type": "var", "value": "f" },
    "args": []
  }
  ]
}
--- hash ---
d8f0b44d791411c9686d34f3133f1646
--- term ---
f = fun () -> +(1, 1)
f()
--- type ---
int
--- value ---
2
