=== getter_coercion.liq ===
g = getter(1)
getter.get(g)
--- parsed ---
{
  "type": "binding",
  "body": {
    "type": "invoke",
    "invoked": { "type": "var", "value": "getter" },
    "optional": false,
    "meth": {
      "type": "app",
      "op": { "type": "var", "value": "get" },
      "args": [
        {
        "type": "term",
        "value": {
          "type": "app_arg",
          "label": "",
          "value": { "type": "var", "value": "g" }
        }
      }
      ]
    }
  },
  "decoration": null,
  "pat": { "type": "pvar", "value": [ "g" ] },
  "arglist": null,
  "cast": null,
  "definition": {
    "type": "app",
    "op": { "type": "var", "value": "getter" },
    "args": [
      {
      "type": "term",
      "value": {
        "type": "app_arg",
        "label": "",
        "value": { "type": "ground", "value": "1" }
      }
    }
    ]
  }
}
--- hash ---
db689303f96189efdfcff5a0f365e3e1
--- term ---
g = getter(1)
getter.get(g)
--- type ---
int
--- value ---
1
