=== invoke_default.liq ===
r = {a = 1}
r?.a ?? 0
--- parsed ---
{
  "type": "block",
  "value": [
    {
    "type": "binding",
    "decoration": null,
    "pat": { "type": "pvar", "value": [ "r" ] },
    "arglist": null,
    "cast": null,
    "definition": {
      "type": "methods",
      "base": null,
      "methods": [
        {
        "type": "method",
        "name": "a",
        "value": { "type": "ground", "value": "1" }
      }
      ]
    }
  },
    {
    "type": "coalesce",
    "left": {
      "type": "invoke",
      "invoked": { "type": "var", "value": "r" },
      "optional": true,
      "meth": { "type": "var", "value": "a" }
    },
    "right": { "type": "ground", "value": "0" }
  }
  ]
}
--- hash ---
21adb5087478236aeca83cef57825f68
--- term ---
r = {a=1}
(r.a ?? 0)
--- type ---
int
--- value ---
1
