=== json_parse.liq ===
let json.parse ({a} : {a: int}) = '{"a": 1}'
a
--- parsed ---
{
  "type": "let",
  "body": { "type": "var", "value": "a" },
  "decoration": { "type": "var", "value": "json.parse" },
  "pat": { "type": "pmeth", "value": [ { "type": "var", "value": "a" } ] },
  "arglist": null,
  "cast": {
    "type": "type_annotation",
    "subtype": "record",
    "value": [
      {
      "type": "type_annotation",
      "subtype": "method_annotation",
      "value": {
        "type": "type_annotation",
        "subtype": "named",
        "value": "int"
      },
      "optional": false,
      "name": "a",
      "json_name": null
    }
    ]
  },
  "definition": { "type": "string", "value": "'{\"a\": 1}'" }
}
--- term ---
let _pat0 = (_internal_json_parser_(json5 = false,type = type,"{\"a\": 1}") : {a : int}) in let a = _pat0.a in a
--- type ---
int
--- value ---
1
