=== json_as_type_bad.invalid-liq ===
# A wrong contextual keyword names what was expected and points at the
# offending token, rather than reporting the whole type as invalid.
# The bad keyword has to be a non-word: codespell rewrites anything close
# enough to `object` to be in its dictionary, here and in the expected output.
let json.parse (m : [(string * int)] as json.nope) = "{}"
ignore(m)
--- parsed ---
At cases/json_as_type_bad.invalid-liq, line 5, char 44-49:
let json.parse (m : [(string * int)] as json.nope) = "{}"

Error 3: Expected `object`, found `nope`.
