=== let_rec.liq ===
def rec fact(n) =
  if n <= 1 then 1 else n * fact(n - 1) end
end
fact(5)
--- parsed ---
{
  "type": "def",
  "body": {
    "type": "app",
    "op": { "type": "var", "value": "fact" },
    "args": [
      {
      "type": "term",
      "value": {
        "type": "app_arg",
        "label": "",
        "value": { "type": "ground", "value": "5" }
      }
    }
    ]
  },
  "decoration": { "type": "var", "value": "rec" },
  "pat": { "type": "pvar", "value": [ "fact" ] },
  "arglist": [
    {
    "type": "term",
    "value": {
      "type": "fun_arg",
      "label": "",
      "as_variable": { "type": "pvar", "value": [ "n" ] },
      "typ": null,
      "default": null
    }
  }
  ],
  "cast": null,
  "definition": {
    "type": "if",
    "condition": {
      "type": "infix",
      "left": { "type": "var", "value": "n" },
      "op": "<=",
      "right": { "type": "ground", "value": "1" }
    },
    "then": { "type": "ground", "value": "1" },
    "elsif": [],
    "else": {
      "type": "infix",
      "left": { "type": "var", "value": "n" },
      "op": "*",
      "right": {
        "type": "app",
        "op": { "type": "var", "value": "fact" },
        "args": [
          {
          "type": "term",
          "value": {
            "type": "app_arg",
            "label": "",
            "value": {
              "type": "infix",
              "left": { "type": "var", "value": "n" },
              "op": "-",
              "right": { "type": "ground", "value": "1" }
            }
          }
        }
        ]
      }
    }
  }
}
--- term ---
let fact = fun fact (n) -> if(<=(n,1),then = {1},else = fun () -> *(n,fact(-(n,1)))) in fact(5)
--- type ---
int
--- value ---
120
