=== negative.liq ===
x = 3
(-x, -1, 1 - -2)
--- parsed ---
{
  "type": "block",
  "value": [
    {
    "type": "binding",
    "decoration": null,
    "pat": { "type": "pvar", "value": [ "x" ] },
    "arglist": null,
    "cast": null,
    "definition": { "type": "ground", "value": "3" }
  },
    {
    "type": "tuple",
    "value": [
      {
      "type": "negative",
      "value": { "type": "var", "value": "x" }
    },
      {
      "type": "negative",
      "value": { "type": "ground", "value": "1" }
    },
      {
      "type": "infix",
      "left": { "type": "ground", "value": "1" },
      "op": "-",
      "right": {
        "type": "negative",
        "value": { "type": "ground", "value": "2" }
      }
    }
    ]
  }
  ]
}
--- hash ---
7ad67eca690659e3e6da3796bead63a5
--- term ---
x = 3
(~-(x), ~-(1), -(1, ~-(2)))
--- type ---
int * int * int
--- value ---
(-3, -1, 3)
