=== null_ops.liq ===
x = null
(null.defined(x), x ?? 1)
--- parsed ---
{
  "type": "block",
  "value": [
    {
    "type": "binding",
    "decoration": null,
    "pat": { "type": "pvar", "value": [ "x" ] },
    "arglist": null,
    "cast": null,
    "definition": { "type": "null" }
  },
    {
    "type": "tuple",
    "value": [
      {
      "type": "invoke",
      "invoked": { "type": "var", "value": "_null" },
      "optional": false,
      "meth": {
        "type": "app",
        "op": { "type": "var", "value": "defined" },
        "args": [
          {
          "type": "term",
          "value": {
            "type": "app_arg",
            "label": "",
            "value": { "type": "var", "value": "x" }
          }
        }
        ]
      }
    },
      {
      "type": "coalesce",
      "left": { "type": "var", "value": "x" },
      "right": { "type": "ground", "value": "1" }
    }
    ]
  }
  ]
}
--- hash ---
a498f3fdb792cd666f14af766e27ac40
--- term ---
x = null
(_null.defined(x), _null.default(x, {1}))
--- type ---
At cases/null_ops.liq, line 2, char 1-6:
(null.defined(x), x ?? 1)

Error 5: this value has no method `defined`
  Its type is ((?'A) -> 'A?)
.{
  case : 'a.'b.('a?, (() -> 'b), (('a) -> 'b)) -> 'b,
  default : 'a.('a?, (() -> 'a)) -> 'a
}.
