=== numeric_literals.liq ===
(0xff, 0o17, 1_000, 1.5, 3.)
--- parsed ---
{
  "type": "tuple",
  "value": [
    {
    "type": "ground",
    "value": "0xff"
  },
    {
    "type": "ground",
    "value": "0o17"
  },
    {
    "type": "ground",
    "value": "1_000"
  },
    {
    "type": "ground",
    "value": "1.5"
  },
    {
    "type": "ground",
    "value": "3."
  }
  ]
}
--- hash ---
c9fdec8c5b8abb3056716b38b0ac3dad
--- term ---
(0xff, 0o17, 1000, 1.5, 3.0)
--- type ---
int * int * int * float * float
--- value ---
(0xff, 0o17, 1000, 1.5, 3.0)
