=== optional_args.liq ===
def f(~x=null, ~y=2, z) =
  (x ?? 0) + y + z
end

f(y=5, 1)
--- parsed ---
{
  "type": "block",
  "value": [
    {
    "type": "def",
    "decoration": null,
    "pat": { "type": "pvar", "value": [ "f" ] },
    "arglist": [
      {
      "type": "term",
      "value": {
        "type": "fun_arg",
        "label": "x",
        "as_variable": null,
        "typ": null,
        "default": { "type": "null" }
      }
    },
      {
      "type": "term",
      "value": {
        "type": "fun_arg",
        "label": "y",
        "as_variable": null,
        "typ": null,
        "default": { "type": "ground", "value": "2" }
      }
    },
      {
      "type": "term",
      "value": {
        "type": "fun_arg",
        "label": "",
        "as_variable": { "type": "pvar", "value": [ "z" ] },
        "typ": null,
        "default": null
      }
    }
    ],
    "cast": null,
    "body": [
      {
      "type": "infix",
      "left": {
        "type": "infix",
        "left": {
          "type": "parenthesis",
          "value": {
            "type": "coalesce",
            "left": { "type": "var", "value": "x" },
            "right": { "type": "ground", "value": "0" }
          }
        },
        "op": "+",
        "right": { "type": "var", "value": "y" }
      },
      "op": "+",
      "right": { "type": "var", "value": "z" }
    }
    ]
  },
    {
    "type": "app",
    "op": { "type": "var", "value": "f" },
    "args": [
      {
      "type": "term",
      "value": {
        "type": "app_arg",
        "label": "y",
        "value": { "type": "ground", "value": "5" }
      }
    },
      {
      "type": "term",
      "value": {
        "type": "app_arg",
        "label": "",
        "value": { "type": "ground", "value": "1" }
      }
    }
    ]
  }
  ]
}
--- hash ---
bf9ef2a267979a563166d50a6e8ff228
--- term ---
f = fun (~x=null, ~y=2, z) -> +(+(_null.default(x, {0}), y), z)
f(y=5, 1)
--- type ---
int
--- value ---
6
