=== pattern_optional_meth.liq ===
let {a, b?} = {a = 1}
(a, b)
--- parsed ---
{
  "type": "block",
  "value": [
    {
    "type": "let",
    "decoration": null,
    "pat": {
      "type": "pmeth",
      "value": [
        {
        "type": "var",
        "value": "a"
      },
        {
        "type": "var",
        "value": "b?"
      }
      ]
    },
    "arglist": null,
    "cast": null,
    "definition": {
      "type": "methods",
      "base": null,
      "methods": [
        {
        "type": "method",
        "name": "a",
        "value": { "type": "ground", "value": "1" }
      }
      ]
    }
  },
    {
    "type": "tuple",
    "value": [
      {
      "type": "var",
      "value": "a"
    },
      {
      "type": "var",
      "value": "b"
    }
    ]
  }
  ]
}
--- hash ---
69431f68a7ea92151ce5083ff2a4f627
--- term ---
_pat0 = {a=1}
a = _pat0.a
b = (_pat0.b ?? null)
(a, b)
--- type ---
int * 'A?
--- value ---
(1, null)
