=== pattern_nested.liq ===
let [x, [y, z]] = [[1], [2, 3]]
(x, y, z)
--- parsed ---
{
  "type": "block",
  "value": [
    {
    "type": "let",
    "decoration": null,
    "pat": {
      "type": "plist",
      "left": [
        {
        "type": "pvar",
        "value": [ "x" ]
      },
        {
        "type": "plist",
        "left": [
          {
          "type": "pvar",
          "value": [ "y" ]
        },
          {
          "type": "pvar",
          "value": [ "z" ]
        }
        ],
        "middle": null,
        "right": []
      }
      ],
      "middle": null,
      "right": []
    },
    "arglist": null,
    "cast": null,
    "definition": {
      "type": "list",
      "value": [
        {
        "type": "term",
        "value": {
          "type": "list",
          "value": [
            {
            "type": "term",
            "value": { "type": "ground", "value": "1" }
          }
          ]
        }
      },
        {
        "type": "term",
        "value": {
          "type": "list",
          "value": [
            {
            "type": "term",
            "value": { "type": "ground", "value": "2" }
          },
            {
            "type": "term",
            "value": { "type": "ground", "value": "3" }
          }
          ]
        }
      }
      ]
    }
  },
    {
    "type": "tuple",
    "value": [
      {
      "type": "var",
      "value": "x"
    },
      {
      "type": "var",
      "value": "y"
    },
      {
      "type": "var",
      "value": "z"
    }
    ]
  }
  ]
}
--- hash ---
ec04c3b0cea3480dadaca14d6b239163
--- term ---
_pat0 = [[1], [2, 3]]
_pat1 = list.length(_pat0)
if(<(_pat1, 2), then=fun () -> error.raise(error.register("not_found"), "List value does not have enough elements to fit the extraction pattern!"), else={()})
_pat2 = list.nth(_pat0, 1)
_pat3 = list.length(_pat2)
if(<(_pat3, 2), then=fun () -> error.raise(error.register("not_found"), "List value does not have enough elements to fit the extraction pattern!"), else={()})
z = list.nth(_pat2, 1)
y = list.nth(_pat2, 0)
x = list.nth(_pat0, 0)
(x, y, z)
--- type ---
[int] * int * int
--- value ---
([1], 2, 3)
