=== pp_comments.liq ===
# a line comment
x = 1 # trailing
##
# a doc comment
# @category Test
##
def f() = x end
f()
--- parsed ---
{
  "type": "block",
  "value": [
    {
    "type": "binding",
    "decoration": null,
    "pat": { "type": "pvar", "value": [ "x" ] },
    "arglist": null,
    "cast": null,
    "definition": { "type": "ground", "value": "1" }
  },
    {
    "type": "def",
    "decoration": null,
    "pat": { "type": "pvar", "value": [ "f" ] },
    "arglist": [],
    "cast": null,
    "body": [ { "type": "var", "value": "x" } ]
  },
    {
    "type": "app",
    "op": { "type": "var", "value": "f" },
    "args": []
  }
  ]
}
--- hash ---
8f8d9ac30bd97d1933b788bc1cc11a1a
--- term ---
x = 1
f = fun () -> x
f()
--- type ---
int
--- value ---
1
