=== pp_ifdef.liq ===
%ifdef list.length
x = 1
%else
x = 2
%endif
x
--- parsed ---
{
  "type": "block",
  "value": [
    {
    "type": "if_def",
    "negative": false,
    "condition": "list.length",
    "then": [
      {
      "type": "binding",
      "decoration": null,
      "pat": { "type": "pvar", "value": [ "x" ] },
      "arglist": null,
      "cast": null,
      "definition": { "type": "ground", "value": "1" }
    }
    ],
    "else": [
      {
      "type": "binding",
      "decoration": null,
      "pat": { "type": "pvar", "value": [ "x" ] },
      "arglist": null,
      "cast": null,
      "definition": { "type": "ground", "value": "2" }
    }
    ]
  },
    {
    "type": "var",
    "value": "x"
  }
  ]
}
--- hash ---
59b59d1ea23154f836168f9311924443
--- term ---
x = 1
x
--- type ---
int
--- value ---
1
