=== regexp_literal.liq ===
r = r/ab+c/gi
r.test("abbc")
--- parsed ---
{
  "type": "binding",
  "body": {
    "type": "invoke",
    "invoked": { "type": "var", "value": "r" },
    "optional": false,
    "meth": {
      "type": "app",
      "op": { "type": "var", "value": "test" },
      "args": [
        {
        "type": "term",
        "value": {
          "type": "app_arg",
          "label": "",
          "value": { "type": "string", "value": "\"abbc\"" }
        }
      }
      ]
    }
  },
  "decoration": null,
  "pat": { "type": "pvar", "value": [ "r" ] },
  "arglist": null,
  "cast": null,
  "definition": { "type": "regexp", "name": "ab+c", "flags": [ "g", "i" ] }
}
--- hash ---
a6984d8dd9a09a17f778e5be689aae3b
--- term ---
r = regexp("ab+c", flags=["i", "g"])
r.test("abbc")
--- type ---
bool
--- value ---
true
