=== regexp_literal.liq ===
r = r/ab+c/gi
r.test("abbc")
--- parsed ---
{
  "type": "block",
  "value": [
    {
    "type": "binding",
    "decoration": null,
    "pat": { "type": "pvar", "value": [ "r" ] },
    "arglist": null,
    "cast": null,
    "definition": { "type": "regexp", "name": "ab+c", "flags": [ "g", "i" ] }
  },
    {
    "type": "invoke",
    "invoked": { "type": "var", "value": "r" },
    "optional": false,
    "meth": {
      "type": "app",
      "op": { "type": "var", "value": "test" },
      "args": [
        {
        "type": "term",
        "value": {
          "type": "app_arg",
          "label": "",
          "value": { "type": "string", "value": "\"abbc\"" }
        }
      }
      ]
    }
  }
  ]
}
--- hash ---
1737ceef0f2e746f8e8adf03277ae928
--- term ---
r = regexp("ab+c", flags=["i", "g"])
r.test("abbc")
--- type ---
bool
--- value ---
true
