=== seq_and_ignore.liq ===
ignore(1)
ignore("two")
3
--- parsed ---
{
  "type": "block",
  "value": [
    {
    "type": "app",
    "op": { "type": "var", "value": "ignore" },
    "args": [
      {
      "type": "term",
      "value": {
        "type": "app_arg",
        "label": "",
        "value": { "type": "ground", "value": "1" }
      }
    }
    ]
  },
    {
    "type": "app",
    "op": { "type": "var", "value": "ignore" },
    "args": [
      {
      "type": "term",
      "value": {
        "type": "app_arg",
        "label": "",
        "value": { "type": "string", "value": "\"two\"" }
      }
    }
    ]
  },
    {
    "type": "ground",
    "value": "3"
  }
  ]
}
--- hash ---
5e29bdd9399c8264af73e9d404f0b2bf
--- term ---
ignore(1)
ignore("two")
3
--- type ---
int
--- value ---
3
