=== string_interpolation.liq ===
name = "world"
"hello #{name}!"
--- parsed ---
{
  "type": "block",
  "value": [
    {
    "type": "binding",
    "decoration": null,
    "pat": { "type": "pvar", "value": [ "name" ] },
    "arglist": null,
    "cast": null,
    "definition": { "type": "string", "value": "\"world\"" }
  },
    {
    "type": "string_interpolation",
    "value": [
      {
      "type": "interpolated_string",
      "value": "\""
    },
      {
      "type": "interpolated_string",
      "value": "hello "
    },
      {
      "type": "interpolated_term",
      "value": { "type": "var", "value": "name" }
    },
      {
      "type": "interpolated_string",
      "value": "!"
    },
      {
      "type": "interpolated_string",
      "value": "\""
    }
    ]
  }
  ]
}
--- hash ---
1b648c5d32246c787af7097170555513
--- term ---
name = "world"
string.concat(["hello ", string(name), "!"])
--- type ---
string
--- value ---
"hello world!"
