=== string_escapes.liq ===
("a\nb", 'c\td', "eéf", "g\x41h")
--- parsed ---
{
  "type": "block",
  "value": [
    {
    "type": "tuple",
    "value": [
      {
      "type": "string",
      "value": "\"a\\nb\""
    },
      {
      "type": "string",
      "value": "'c\\td'"
    },
      {
      "type": "string",
      "value": "\"eéf\""
    },
      {
      "type": "string",
      "value": "\"g\\x41h\""
    }
    ]
  }
  ]
}
--- hash ---
ad1ee50fb0ef57f25d2ccb744a21d9d1
--- term ---
("a\nb", "c\td", "eéf", "gAh")
--- type ---
string * string * string * string
--- value ---
("a\nb", "c\td", "eéf", "gAh")
