=== type_annotation.liq ===
(1 : int)
--- parsed ---
{
  "type": "block",
  "value": [
    {
    "type": "cast",
    "left": { "type": "ground", "value": "1" },
    "right": {
      "type": "type_annotation",
      "subtype": "named",
      "value": "int"
    }
  }
  ]
}
--- hash ---
11c35a73c82c38ef3ebabd583cac0bf1
--- term ---
(1 : int)
--- type ---
int
--- value ---
1
